Archive member included to satisfy reference by file (symbol)

c:/program files (x86)/atmel/studio/7.0/toolchain/avr8/avr8-gnu-toolchain/bin/../lib/gcc/avr/4.9.2/avr6\libgcc.a(_divmodhi4.o)
                              cmdParser.o (__divmodhi4)
c:/program files (x86)/atmel/studio/7.0/toolchain/avr8/avr8-gnu-toolchain/bin/../lib/gcc/avr/4.9.2/avr6\libgcc.a(_exit.o)
                              C:/Program Files (x86)/Atmel/Studio/7.0/Packs/atmel/ATmega_DFP/1.1.130/gcc/dev/atmega2560/avr6/crtatmega2560.o (exit)
c:/program files (x86)/atmel/studio/7.0/toolchain/avr8/avr8-gnu-toolchain/bin/../lib/gcc/avr/4.9.2/avr6\libgcc.a(_tablejump2.o)
                              ADC.o (__tablejump2__)
c:/program files (x86)/atmel/studio/7.0/toolchain/avr8/avr8-gnu-toolchain/bin/../lib/gcc/avr/4.9.2/avr6\libgcc.a(_copy_data.o)
                              ADC.o (__do_copy_data)
c:/program files (x86)/atmel/studio/7.0/toolchain/avr8/avr8-gnu-toolchain/bin/../lib/gcc/avr/4.9.2/avr6\libgcc.a(_clear_bss.o)
                              main.o (__do_clear_bss)
c:/program files (x86)/atmel/studio/7.0/toolchain/avr8/avr8-gnu-toolchain/bin/../lib/gcc/avr/4.9.2/avr6\libgcc.a(_ctors.o)
                              main.o (__do_global_ctors)
c:/program files (x86)/atmel/studio/7.0/toolchain/avr8/avr8-gnu-toolchain/bin/../lib/gcc/avr/4.9.2/avr6\libgcc.a(_dtors.o)
                              main.o (__do_global_dtors)
c:/program files (x86)/atmel/studio/7.0/toolchain/avr8/avr8-gnu-toolchain/bin/../lib/gcc/avr/4.9.2/avr6\libgcc.a(_mulhisi3.o)
                              tiefpass.o (__mulhisi3)
c:/program files (x86)/atmel/studio/7.0/toolchain/avr8/avr8-gnu-toolchain/bin/../lib/gcc/avr/4.9.2/avr6\libgcc.a(_umulhisi3.o)
                              button_parallel.o (__umulhisi3)
c:/program files (x86)/atmel/studio/7.0/toolchain/avr8/avr8-gnu-toolchain/bin/../lib/gcc/avr/4.9.2/avr6\libgcc.a(_usmulhisi3.o)
                              c:/program files (x86)/atmel/studio/7.0/toolchain/avr8/avr8-gnu-toolchain/bin/../lib/gcc/avr/4.9.2/avr6\libgcc.a(_mulhisi3.o) (__usmulhisi3_tail)
c:/program files (x86)/atmel/studio/7.0/toolchain/avr8/avr8-gnu-toolchain/bin/../lib/gcc/avr/4.9.2/avr6\libgcc.a(_udivmodhi4.o)
                              c:/program files (x86)/atmel/studio/7.0/toolchain/avr8/avr8-gnu-toolchain/bin/../lib/gcc/avr/4.9.2/avr6\libgcc.a(_divmodhi4.o) (__udivmodhi4)
c:/program files (x86)/atmel/studio/7.0/toolchain/avr8/avr8-gnu-toolchain/bin/../lib/gcc/avr/4.9.2/../../../../avr/lib/avr6\libc.a(malloc.o)
                              list__array_uint8_t.o (malloc)

Allocating common symbols
Common symbol       size              file

__brkval            0x2               c:/program files (x86)/atmel/studio/7.0/toolchain/avr8/avr8-gnu-toolchain/bin/../lib/gcc/avr/4.9.2/../../../../avr/lib/avr6\libc.a(malloc.o)
__flp               0x2               c:/program files (x86)/atmel/studio/7.0/toolchain/avr8/avr8-gnu-toolchain/bin/../lib/gcc/avr/4.9.2/../../../../avr/lib/avr6\libc.a(malloc.o)

Discarded input sections

 .data          0x00000000        0x0 C:/Program Files (x86)/Atmel/Studio/7.0/Packs/atmel/ATmega_DFP/1.1.130/gcc/dev/atmega2560/avr6/crtatmega2560.o
 .bss           0x00000000        0x0 C:/Program Files (x86)/Atmel/Studio/7.0/Packs/atmel/ATmega_DFP/1.1.130/gcc/dev/atmega2560/avr6/crtatmega2560.o
 .text          0x00000000        0x0 ADC.o
 .data          0x00000000        0x0 ADC.o
 .bss           0x00000000        0x0 ADC.o
 .text          0x00000000        0x0 button_parallel.o
 .data          0x00000000        0x0 button_parallel.o
 .bss           0x00000000        0x0 button_parallel.o
 .text._ZN6buttonC2EPVhS1_S1_hj
                0x00000000       0x7a button_parallel.o
 .text._ZN6buttonD2Ev
                0x00000000       0x2a button_parallel.o
 .text._ZN6button6sampleEv
                0x00000000       0x4c button_parallel.o
 .debug_info    0x00000000      0x2ac button_parallel.o
 .debug_abbrev  0x00000000      0x15c button_parallel.o
 .debug_loc     0x00000000      0x16f button_parallel.o
 .debug_aranges
                0x00000000       0x30 button_parallel.o
 .debug_ranges  0x00000000       0x20 button_parallel.o
 .debug_line    0x00000000      0x171 button_parallel.o
 .debug_str     0x00000000      0x29a button_parallel.o
 .comment       0x00000000       0x31 button_parallel.o
 .debug_frame   0x00000000       0x60 button_parallel.o
 .text          0x00000000        0x0 cmdHandler.o
 .data          0x00000000        0x0 cmdHandler.o
 .bss           0x00000000        0x0 cmdHandler.o
 .text          0x00000000        0x0 cmdParser.o
 .data          0x00000000        0x0 cmdParser.o
 .bss           0x00000000        0x0 cmdParser.o
 .text._ZN9cmdParser15get_parser_flagEv
                0x00000000        0x6 cmdParser.o
 .text          0x00000000        0x0 io.o
 .data          0x00000000        0x0 io.o
 .bss           0x00000000        0x0 io.o
 .text._ZN6io_pinD2Ev
                0x00000000        0x2 io.o
 .text          0x00000000        0x0 list__array_uint8_t.o
 .data          0x00000000        0x0 list__array_uint8_t.o
 .bss           0x00000000        0x0 list__array_uint8_t.o
 .text._ZN26list_array_uint8_t_elementC2Ev
                0x00000000       0x12 list__array_uint8_t.o
 .text._ZN26list_array_uint8_t_element11assign_postEPS_
                0x00000000        0x8 list__array_uint8_t.o
 .text          0x00000000        0x0 main.o
 .data          0x00000000        0x0 main.o
 .bss           0x00000000        0x0 main.o
 .text._Z8init_ADCv
                0x00000000        0x2 main.o
 .text          0x00000000        0x0 mem.o
 .data          0x00000000        0x0 mem.o
 .bss           0x00000000        0x0 mem.o
 .text.__cxa_guard_acquire
                0x00000000       0x12 mem.o
 .text.__cxa_guard_release
                0x00000000        0x8 mem.o
 .text.__cxa_guard_abort
                0x00000000        0x2 mem.o
 .text          0x00000000        0x0 tiefpass.o
 .data          0x00000000        0x0 tiefpass.o
 .bss           0x00000000        0x0 tiefpass.o
 .text          0x00000000        0x0 uart.o
 .data          0x00000000        0x0 uart.o
 .bss           0x00000000        0x0 uart.o
 .text._Z10init_UART1v
                0x00000000       0x18 uart.o
 .text._Z11serial_out1h
                0x00000000       0x1c uart.o
 .text          0x00000000        0x0 c:/program files (x86)/atmel/studio/7.0/toolchain/avr8/avr8-gnu-toolchain/bin/../lib/gcc/avr/4.9.2/avr6\libgcc.a(_divmodhi4.o)
 .data          0x00000000        0x0 c:/program files (x86)/atmel/studio/7.0/toolchain/avr8/avr8-gnu-toolchain/bin/../lib/gcc/avr/4.9.2/avr6\libgcc.a(_divmodhi4.o)
 .bss           0x00000000        0x0 c:/program files (x86)/atmel/studio/7.0/toolchain/avr8/avr8-gnu-toolchain/bin/../lib/gcc/avr/4.9.2/avr6\libgcc.a(_divmodhi4.o)
 .text.libgcc.mul
                0x00000000        0x0 c:/program files (x86)/atmel/studio/7.0/toolchain/avr8/avr8-gnu-toolchain/bin/../lib/gcc/avr/4.9.2/avr6\libgcc.a(_divmodhi4.o)
 .text.libgcc   0x00000000        0x0 c:/program files (x86)/atmel/studio/7.0/toolchain/avr8/avr8-gnu-toolchain/bin/../lib/gcc/avr/4.9.2/avr6\libgcc.a(_divmodhi4.o)
 .text.libgcc.prologue
                0x00000000        0x0 c:/program files (x86)/atmel/studio/7.0/toolchain/avr8/avr8-gnu-toolchain/bin/../lib/gcc/avr/4.9.2/avr6\libgcc.a(_divmodhi4.o)
 .text.libgcc.builtins
                0x00000000        0x0 c:/program files (x86)/atmel/studio/7.0/toolchain/avr8/avr8-gnu-toolchain/bin/../lib/gcc/avr/4.9.2/avr6\libgcc.a(_divmodhi4.o)
 .text.libgcc.fmul
                0x00000000        0x0 c:/program files (x86)/atmel/studio/7.0/toolchain/avr8/avr8-gnu-toolchain/bin/../lib/gcc/avr/4.9.2/avr6\libgcc.a(_divmodhi4.o)
 .text.libgcc.fixed
                0x00000000        0x0 c:/program files (x86)/atmel/studio/7.0/toolchain/avr8/avr8-gnu-toolchain/bin/../lib/gcc/avr/4.9.2/avr6\libgcc.a(_divmodhi4.o)
 .text          0x00000000        0x0 c:/program files (x86)/atmel/studio/7.0/toolchain/avr8/avr8-gnu-toolchain/bin/../lib/gcc/avr/4.9.2/avr6\libgcc.a(_exit.o)
 .data          0x00000000        0x0 c:/program files (x86)/atmel/studio/7.0/toolchain/avr8/avr8-gnu-toolchain/bin/../lib/gcc/avr/4.9.2/avr6\libgcc.a(_exit.o)
 .bss           0x00000000        0x0 c:/program files (x86)/atmel/studio/7.0/toolchain/avr8/avr8-gnu-toolchain/bin/../lib/gcc/avr/4.9.2/avr6\libgcc.a(_exit.o)
 .text.libgcc.mul
                0x00000000        0x0 c:/program files (x86)/atmel/studio/7.0/toolchain/avr8/avr8-gnu-toolchain/bin/../lib/gcc/avr/4.9.2/avr6\libgcc.a(_exit.o)
 .text.libgcc.div
                0x00000000        0x0 c:/program files (x86)/atmel/studio/7.0/toolchain/avr8/avr8-gnu-toolchain/bin/../lib/gcc/avr/4.9.2/avr6\libgcc.a(_exit.o)
 .text.libgcc   0x00000000        0x0 c:/program files (x86)/atmel/studio/7.0/toolchain/avr8/avr8-gnu-toolchain/bin/../lib/gcc/avr/4.9.2/avr6\libgcc.a(_exit.o)
 .text.libgcc.prologue
                0x00000000        0x0 c:/program files (x86)/atmel/studio/7.0/toolchain/avr8/avr8-gnu-toolchain/bin/../lib/gcc/avr/4.9.2/avr6\libgcc.a(_exit.o)
 .text.libgcc.builtins
                0x00000000        0x0 c:/program files (x86)/atmel/studio/7.0/toolchain/avr8/avr8-gnu-toolchain/bin/../lib/gcc/avr/4.9.2/avr6\libgcc.a(_exit.o)
 .text.libgcc.fmul
                0x00000000        0x0 c:/program files (x86)/atmel/studio/7.0/toolchain/avr8/avr8-gnu-toolchain/bin/../lib/gcc/avr/4.9.2/avr6\libgcc.a(_exit.o)
 .text.libgcc.fixed
                0x00000000        0x0 c:/program files (x86)/atmel/studio/7.0/toolchain/avr8/avr8-gnu-toolchain/bin/../lib/gcc/avr/4.9.2/avr6\libgcc.a(_exit.o)
 .text          0x00000000        0x0 c:/program files (x86)/atmel/studio/7.0/toolchain/avr8/avr8-gnu-toolchain/bin/../lib/gcc/avr/4.9.2/avr6\libgcc.a(_tablejump2.o)
 .data          0x00000000        0x0 c:/program files (x86)/atmel/studio/7.0/toolchain/avr8/avr8-gnu-toolchain/bin/../lib/gcc/avr/4.9.2/avr6\libgcc.a(_tablejump2.o)
 .bss           0x00000000        0x0 c:/program files (x86)/atmel/studio/7.0/toolchain/avr8/avr8-gnu-toolchain/bin/../lib/gcc/avr/4.9.2/avr6\libgcc.a(_tablejump2.o)
 .text.libgcc.mul
                0x00000000        0x0 c:/program files (x86)/atmel/studio/7.0/toolchain/avr8/avr8-gnu-toolchain/bin/../lib/gcc/avr/4.9.2/avr6\libgcc.a(_tablejump2.o)
 .text.libgcc.div
                0x00000000        0x0 c:/program files (x86)/atmel/studio/7.0/toolchain/avr8/avr8-gnu-toolchain/bin/../lib/gcc/avr/4.9.2/avr6\libgcc.a(_tablejump2.o)
 .text.libgcc.prologue
                0x00000000        0x0 c:/program files (x86)/atmel/studio/7.0/toolchain/avr8/avr8-gnu-toolchain/bin/../lib/gcc/avr/4.9.2/avr6\libgcc.a(_tablejump2.o)
 .text.libgcc.builtins
                0x00000000        0x0 c:/program files (x86)/atmel/studio/7.0/toolchain/avr8/avr8-gnu-toolchain/bin/../lib/gcc/avr/4.9.2/avr6\libgcc.a(_tablejump2.o)
 .text.libgcc.fmul
                0x00000000        0x0 c:/program files (x86)/atmel/studio/7.0/toolchain/avr8/avr8-gnu-toolchain/bin/../lib/gcc/avr/4.9.2/avr6\libgcc.a(_tablejump2.o)
 .text.libgcc.fixed
                0x00000000        0x0 c:/program files (x86)/atmel/studio/7.0/toolchain/avr8/avr8-gnu-toolchain/bin/../lib/gcc/avr/4.9.2/avr6\libgcc.a(_tablejump2.o)
 .text          0x00000000        0x0 c:/program files (x86)/atmel/studio/7.0/toolchain/avr8/avr8-gnu-toolchain/bin/../lib/gcc/avr/4.9.2/avr6\libgcc.a(_copy_data.o)
 .data          0x00000000        0x0 c:/program files (x86)/atmel/studio/7.0/toolchain/avr8/avr8-gnu-toolchain/bin/../lib/gcc/avr/4.9.2/avr6\libgcc.a(_copy_data.o)
 .bss           0x00000000        0x0 c:/program files (x86)/atmel/studio/7.0/toolchain/avr8/avr8-gnu-toolchain/bin/../lib/gcc/avr/4.9.2/avr6\libgcc.a(_copy_data.o)
 .text.libgcc.mul
                0x00000000        0x0 c:/program files (x86)/atmel/studio/7.0/toolchain/avr8/avr8-gnu-toolchain/bin/../lib/gcc/avr/4.9.2/avr6\libgcc.a(_copy_data.o)
 .text.libgcc.div
                0x00000000        0x0 c:/program files (x86)/atmel/studio/7.0/toolchain/avr8/avr8-gnu-toolchain/bin/../lib/gcc/avr/4.9.2/avr6\libgcc.a(_copy_data.o)
 .text.libgcc   0x00000000        0x0 c:/program files (x86)/atmel/studio/7.0/toolchain/avr8/avr8-gnu-toolchain/bin/../lib/gcc/avr/4.9.2/avr6\libgcc.a(_copy_data.o)
 .text.libgcc.prologue
                0x00000000        0x0 c:/program files (x86)/atmel/studio/7.0/toolchain/avr8/avr8-gnu-toolchain/bin/../lib/gcc/avr/4.9.2/avr6\libgcc.a(_copy_data.o)
 .text.libgcc.builtins
                0x00000000        0x0 c:/program files (x86)/atmel/studio/7.0/toolchain/avr8/avr8-gnu-toolchain/bin/../lib/gcc/avr/4.9.2/avr6\libgcc.a(_copy_data.o)
 .text.libgcc.fmul
                0x00000000        0x0 c:/program files (x86)/atmel/studio/7.0/toolchain/avr8/avr8-gnu-toolchain/bin/../lib/gcc/avr/4.9.2/avr6\libgcc.a(_copy_data.o)
 .text.libgcc.fixed
                0x00000000        0x0 c:/program files (x86)/atmel/studio/7.0/toolchain/avr8/avr8-gnu-toolchain/bin/../lib/gcc/avr/4.9.2/avr6\libgcc.a(_copy_data.o)
 .text          0x00000000        0x0 c:/program files (x86)/atmel/studio/7.0/toolchain/avr8/avr8-gnu-toolchain/bin/../lib/gcc/avr/4.9.2/avr6\libgcc.a(_clear_bss.o)
 .data          0x00000000        0x0 c:/program files (x86)/atmel/studio/7.0/toolchain/avr8/avr8-gnu-toolchain/bin/../lib/gcc/avr/4.9.2/avr6\libgcc.a(_clear_bss.o)
 .bss           0x00000000        0x0 c:/program files (x86)/atmel/studio/7.0/toolchain/avr8/avr8-gnu-toolchain/bin/../lib/gcc/avr/4.9.2/avr6\libgcc.a(_clear_bss.o)
 .text.libgcc.mul
                0x00000000        0x0 c:/program files (x86)/atmel/studio/7.0/toolchain/avr8/avr8-gnu-toolchain/bin/../lib/gcc/avr/4.9.2/avr6\libgcc.a(_clear_bss.o)
 .text.libgcc.div
                0x00000000        0x0 c:/program files (x86)/atmel/studio/7.0/toolchain/avr8/avr8-gnu-toolchain/bin/../lib/gcc/avr/4.9.2/avr6\libgcc.a(_clear_bss.o)
 .text.libgcc   0x00000000        0x0 c:/program files (x86)/atmel/studio/7.0/toolchain/avr8/avr8-gnu-toolchain/bin/../lib/gcc/avr/4.9.2/avr6\libgcc.a(_clear_bss.o)
 .text.libgcc.prologue
                0x00000000        0x0 c:/program files (x86)/atmel/studio/7.0/toolchain/avr8/avr8-gnu-toolchain/bin/../lib/gcc/avr/4.9.2/avr6\libgcc.a(_clear_bss.o)
 .text.libgcc.builtins
                0x00000000        0x0 c:/program files (x86)/atmel/studio/7.0/toolchain/avr8/avr8-gnu-toolchain/bin/../lib/gcc/avr/4.9.2/avr6\libgcc.a(_clear_bss.o)
 .text.libgcc.fmul
                0x00000000        0x0 c:/program files (x86)/atmel/studio/7.0/toolchain/avr8/avr8-gnu-toolchain/bin/../lib/gcc/avr/4.9.2/avr6\libgcc.a(_clear_bss.o)
 .text.libgcc.fixed
                0x00000000        0x0 c:/program files (x86)/atmel/studio/7.0/toolchain/avr8/avr8-gnu-toolchain/bin/../lib/gcc/avr/4.9.2/avr6\libgcc.a(_clear_bss.o)
 .text          0x00000000        0x0 c:/program files (x86)/atmel/studio/7.0/toolchain/avr8/avr8-gnu-toolchain/bin/../lib/gcc/avr/4.9.2/avr6\libgcc.a(_ctors.o)
 .data          0x00000000        0x0 c:/program files (x86)/atmel/studio/7.0/toolchain/avr8/avr8-gnu-toolchain/bin/../lib/gcc/avr/4.9.2/avr6\libgcc.a(_ctors.o)
 .bss           0x00000000        0x0 c:/program files (x86)/atmel/studio/7.0/toolchain/avr8/avr8-gnu-toolchain/bin/../lib/gcc/avr/4.9.2/avr6\libgcc.a(_ctors.o)
 .text.libgcc.mul
                0x00000000        0x0 c:/program files (x86)/atmel/studio/7.0/toolchain/avr8/avr8-gnu-toolchain/bin/../lib/gcc/avr/4.9.2/avr6\libgcc.a(_ctors.o)
 .text.libgcc.div
                0x00000000        0x0 c:/program files (x86)/atmel/studio/7.0/toolchain/avr8/avr8-gnu-toolchain/bin/../lib/gcc/avr/4.9.2/avr6\libgcc.a(_ctors.o)
 .text.libgcc   0x00000000        0x0 c:/program files (x86)/atmel/studio/7.0/toolchain/avr8/avr8-gnu-toolchain/bin/../lib/gcc/avr/4.9.2/avr6\libgcc.a(_ctors.o)
 .text.libgcc.prologue
                0x00000000        0x0 c:/program files (x86)/atmel/studio/7.0/toolchain/avr8/avr8-gnu-toolchain/bin/../lib/gcc/avr/4.9.2/avr6\libgcc.a(_ctors.o)
 .text.libgcc.builtins
                0x00000000        0x0 c:/program files (x86)/atmel/studio/7.0/toolchain/avr8/avr8-gnu-toolchain/bin/../lib/gcc/avr/4.9.2/avr6\libgcc.a(_ctors.o)
 .text.libgcc.fmul
                0x00000000        0x0 c:/program files (x86)/atmel/studio/7.0/toolchain/avr8/avr8-gnu-toolchain/bin/../lib/gcc/avr/4.9.2/avr6\libgcc.a(_ctors.o)
 .text.libgcc.fixed
                0x00000000        0x0 c:/program files (x86)/atmel/studio/7.0/toolchain/avr8/avr8-gnu-toolchain/bin/../lib/gcc/avr/4.9.2/avr6\libgcc.a(_ctors.o)
 .text          0x00000000        0x0 c:/program files (x86)/atmel/studio/7.0/toolchain/avr8/avr8-gnu-toolchain/bin/../lib/gcc/avr/4.9.2/avr6\libgcc.a(_dtors.o)
 .data          0x00000000        0x0 c:/program files (x86)/atmel/studio/7.0/toolchain/avr8/avr8-gnu-toolchain/bin/../lib/gcc/avr/4.9.2/avr6\libgcc.a(_dtors.o)
 .bss           0x00000000        0x0 c:/program files (x86)/atmel/studio/7.0/toolchain/avr8/avr8-gnu-toolchain/bin/../lib/gcc/avr/4.9.2/avr6\libgcc.a(_dtors.o)
 .text.libgcc.mul
                0x00000000        0x0 c:/program files (x86)/atmel/studio/7.0/toolchain/avr8/avr8-gnu-toolchain/bin/../lib/gcc/avr/4.9.2/avr6\libgcc.a(_dtors.o)
 .text.libgcc.div
                0x00000000        0x0 c:/program files (x86)/atmel/studio/7.0/toolchain/avr8/avr8-gnu-toolchain/bin/../lib/gcc/avr/4.9.2/avr6\libgcc.a(_dtors.o)
 .text.libgcc   0x00000000        0x0 c:/program files (x86)/atmel/studio/7.0/toolchain/avr8/avr8-gnu-toolchain/bin/../lib/gcc/avr/4.9.2/avr6\libgcc.a(_dtors.o)
 .text.libgcc.prologue
                0x00000000        0x0 c:/program files (x86)/atmel/studio/7.0/toolchain/avr8/avr8-gnu-toolchain/bin/../lib/gcc/avr/4.9.2/avr6\libgcc.a(_dtors.o)
 .text.libgcc.builtins
                0x00000000        0x0 c:/program files (x86)/atmel/studio/7.0/toolchain/avr8/avr8-gnu-toolchain/bin/../lib/gcc/avr/4.9.2/avr6\libgcc.a(_dtors.o)
 .text.libgcc.fmul
                0x00000000        0x0 c:/program files (x86)/atmel/studio/7.0/toolchain/avr8/avr8-gnu-toolchain/bin/../lib/gcc/avr/4.9.2/avr6\libgcc.a(_dtors.o)
 .text.libgcc.fixed
                0x00000000        0x0 c:/program files (x86)/atmel/studio/7.0/toolchain/avr8/avr8-gnu-toolchain/bin/../lib/gcc/avr/4.9.2/avr6\libgcc.a(_dtors.o)
 .text          0x00000000        0x0 c:/program files (x86)/atmel/studio/7.0/toolchain/avr8/avr8-gnu-toolchain/bin/../lib/gcc/avr/4.9.2/avr6\libgcc.a(_mulhisi3.o)
 .data          0x00000000        0x0 c:/program files (x86)/atmel/studio/7.0/toolchain/avr8/avr8-gnu-toolchain/bin/../lib/gcc/avr/4.9.2/avr6\libgcc.a(_mulhisi3.o)
 .bss           0x00000000        0x0 c:/program files (x86)/atmel/studio/7.0/toolchain/avr8/avr8-gnu-toolchain/bin/../lib/gcc/avr/4.9.2/avr6\libgcc.a(_mulhisi3.o)
 .text.libgcc.div
                0x00000000        0x0 c:/program files (x86)/atmel/studio/7.0/toolchain/avr8/avr8-gnu-toolchain/bin/../lib/gcc/avr/4.9.2/avr6\libgcc.a(_mulhisi3.o)
 .text.libgcc   0x00000000        0x0 c:/program files (x86)/atmel/studio/7.0/toolchain/avr8/avr8-gnu-toolchain/bin/../lib/gcc/avr/4.9.2/avr6\libgcc.a(_mulhisi3.o)
 .text.libgcc.prologue
                0x00000000        0x0 c:/program files (x86)/atmel/studio/7.0/toolchain/avr8/avr8-gnu-toolchain/bin/../lib/gcc/avr/4.9.2/avr6\libgcc.a(_mulhisi3.o)
 .text.libgcc.builtins
                0x00000000        0x0 c:/program files (x86)/atmel/studio/7.0/toolchain/avr8/avr8-gnu-toolchain/bin/../lib/gcc/avr/4.9.2/avr6\libgcc.a(_mulhisi3.o)
 .text.libgcc.fmul
                0x00000000        0x0 c:/program files (x86)/atmel/studio/7.0/toolchain/avr8/avr8-gnu-toolchain/bin/../lib/gcc/avr/4.9.2/avr6\libgcc.a(_mulhisi3.o)
 .text.libgcc.fixed
                0x00000000        0x0 c:/program files (x86)/atmel/studio/7.0/toolchain/avr8/avr8-gnu-toolchain/bin/../lib/gcc/avr/4.9.2/avr6\libgcc.a(_mulhisi3.o)
 .text          0x00000000        0x0 c:/program files (x86)/atmel/studio/7.0/toolchain/avr8/avr8-gnu-toolchain/bin/../lib/gcc/avr/4.9.2/avr6\libgcc.a(_umulhisi3.o)
 .data          0x00000000        0x0 c:/program files (x86)/atmel/studio/7.0/toolchain/avr8/avr8-gnu-toolchain/bin/../lib/gcc/avr/4.9.2/avr6\libgcc.a(_umulhisi3.o)
 .bss           0x00000000        0x0 c:/program files (x86)/atmel/studio/7.0/toolchain/avr8/avr8-gnu-toolchain/bin/../lib/gcc/avr/4.9.2/avr6\libgcc.a(_umulhisi3.o)
 .text.libgcc.div
                0x00000000        0x0 c:/program files (x86)/atmel/studio/7.0/toolchain/avr8/avr8-gnu-toolchain/bin/../lib/gcc/avr/4.9.2/avr6\libgcc.a(_umulhisi3.o)
 .text.libgcc   0x00000000        0x0 c:/program files (x86)/atmel/studio/7.0/toolchain/avr8/avr8-gnu-toolchain/bin/../lib/gcc/avr/4.9.2/avr6\libgcc.a(_umulhisi3.o)
 .text.libgcc.prologue
                0x00000000        0x0 c:/program files (x86)/atmel/studio/7.0/toolchain/avr8/avr8-gnu-toolchain/bin/../lib/gcc/avr/4.9.2/avr6\libgcc.a(_umulhisi3.o)
 .text.libgcc.builtins
                0x00000000        0x0 c:/program files (x86)/atmel/studio/7.0/toolchain/avr8/avr8-gnu-toolchain/bin/../lib/gcc/avr/4.9.2/avr6\libgcc.a(_umulhisi3.o)
 .text.libgcc.fmul
                0x00000000        0x0 c:/program files (x86)/atmel/studio/7.0/toolchain/avr8/avr8-gnu-toolchain/bin/../lib/gcc/avr/4.9.2/avr6\libgcc.a(_umulhisi3.o)
 .text.libgcc.fixed
                0x00000000        0x0 c:/program files (x86)/atmel/studio/7.0/toolchain/avr8/avr8-gnu-toolchain/bin/../lib/gcc/avr/4.9.2/avr6\libgcc.a(_umulhisi3.o)
 .text          0x00000000        0x0 c:/program files (x86)/atmel/studio/7.0/toolchain/avr8/avr8-gnu-toolchain/bin/../lib/gcc/avr/4.9.2/avr6\libgcc.a(_usmulhisi3.o)
 .data          0x00000000        0x0 c:/program files (x86)/atmel/studio/7.0/toolchain/avr8/avr8-gnu-toolchain/bin/../lib/gcc/avr/4.9.2/avr6\libgcc.a(_usmulhisi3.o)
 .bss           0x00000000        0x0 c:/program files (x86)/atmel/studio/7.0/toolchain/avr8/avr8-gnu-toolchain/bin/../lib/gcc/avr/4.9.2/avr6\libgcc.a(_usmulhisi3.o)
 .text.libgcc.div
                0x00000000        0x0 c:/program files (x86)/atmel/studio/7.0/toolchain/avr8/avr8-gnu-toolchain/bin/../lib/gcc/avr/4.9.2/avr6\libgcc.a(_usmulhisi3.o)
 .text.libgcc   0x00000000        0x0 c:/program files (x86)/atmel/studio/7.0/toolchain/avr8/avr8-gnu-toolchain/bin/../lib/gcc/avr/4.9.2/avr6\libgcc.a(_usmulhisi3.o)
 .text.libgcc.prologue
                0x00000000        0x0 c:/program files (x86)/atmel/studio/7.0/toolchain/avr8/avr8-gnu-toolchain/bin/../lib/gcc/avr/4.9.2/avr6\libgcc.a(_usmulhisi3.o)
 .text.libgcc.builtins
                0x00000000        0x0 c:/program files (x86)/atmel/studio/7.0/toolchain/avr8/avr8-gnu-toolchain/bin/../lib/gcc/avr/4.9.2/avr6\libgcc.a(_usmulhisi3.o)
 .text.libgcc.fmul
                0x00000000        0x0 c:/program files (x86)/atmel/studio/7.0/toolchain/avr8/avr8-gnu-toolchain/bin/../lib/gcc/avr/4.9.2/avr6\libgcc.a(_usmulhisi3.o)
 .text.libgcc.fixed
                0x00000000        0x0 c:/program files (x86)/atmel/studio/7.0/toolchain/avr8/avr8-gnu-toolchain/bin/../lib/gcc/avr/4.9.2/avr6\libgcc.a(_usmulhisi3.o)
 .text          0x00000000        0x0 c:/program files (x86)/atmel/studio/7.0/toolchain/avr8/avr8-gnu-toolchain/bin/../lib/gcc/avr/4.9.2/avr6\libgcc.a(_udivmodhi4.o)
 .data          0x00000000        0x0 c:/program files (x86)/atmel/studio/7.0/toolchain/avr8/avr8-gnu-toolchain/bin/../lib/gcc/avr/4.9.2/avr6\libgcc.a(_udivmodhi4.o)
 .bss           0x00000000        0x0 c:/program files (x86)/atmel/studio/7.0/toolchain/avr8/avr8-gnu-toolchain/bin/../lib/gcc/avr/4.9.2/avr6\libgcc.a(_udivmodhi4.o)
 .text.libgcc.mul
                0x00000000        0x0 c:/program files (x86)/atmel/studio/7.0/toolchain/avr8/avr8-gnu-toolchain/bin/../lib/gcc/avr/4.9.2/avr6\libgcc.a(_udivmodhi4.o)
 .text.libgcc   0x00000000        0x0 c:/program files (x86)/atmel/studio/7.0/toolchain/avr8/avr8-gnu-toolchain/bin/../lib/gcc/avr/4.9.2/avr6\libgcc.a(_udivmodhi4.o)
 .text.libgcc.prologue
                0x00000000        0x0 c:/program files (x86)/atmel/studio/7.0/toolchain/avr8/avr8-gnu-toolchain/bin/../lib/gcc/avr/4.9.2/avr6\libgcc.a(_udivmodhi4.o)
 .text.libgcc.builtins
                0x00000000        0x0 c:/program files (x86)/atmel/studio/7.0/toolchain/avr8/avr8-gnu-toolchain/bin/../lib/gcc/avr/4.9.2/avr6\libgcc.a(_udivmodhi4.o)
 .text.libgcc.fmul
                0x00000000        0x0 c:/program files (x86)/atmel/studio/7.0/toolchain/avr8/avr8-gnu-toolchain/bin/../lib/gcc/avr/4.9.2/avr6\libgcc.a(_udivmodhi4.o)
 .text.libgcc.fixed
                0x00000000        0x0 c:/program files (x86)/atmel/studio/7.0/toolchain/avr8/avr8-gnu-toolchain/bin/../lib/gcc/avr/4.9.2/avr6\libgcc.a(_udivmodhi4.o)
 .text          0x00000000        0x0 c:/program files (x86)/atmel/studio/7.0/toolchain/avr8/avr8-gnu-toolchain/bin/../lib/gcc/avr/4.9.2/../../../../avr/lib/avr6\libc.a(malloc.o)
 .bss           0x00000000        0x0 c:/program files (x86)/atmel/studio/7.0/toolchain/avr8/avr8-gnu-toolchain/bin/../lib/gcc/avr/4.9.2/../../../../avr/lib/avr6\libc.a(malloc.o)

Memory Configuration

Name             Origin             Length             Attributes
text             0x00000000         0x00100000         xr
data             0x00800200         0x0000fe00         rw !x
eeprom           0x00810000         0x00010000         rw !x
fuse             0x00820000         0x00000003         rw !x
lock             0x00830000         0x00000400         rw !x
signature        0x00840000         0x00000400         rw !x
user_signatures  0x00850000         0x00000400         rw !x
*default*        0x00000000         0xffffffff

Linker script and memory map

Address of section .data set to 0x800200
LOAD C:/Program Files (x86)/Atmel/Studio/7.0/Packs/atmel/ATmega_DFP/1.1.130/gcc/dev/atmega2560/avr6/crtatmega2560.o
LOAD ADC.o
LOAD button_parallel.o
LOAD cmdHandler.o
LOAD cmdParser.o
LOAD io.o
LOAD list__array_uint8_t.o
LOAD main.o
LOAD mem.o
LOAD tiefpass.o
LOAD uart.o
START GROUP
LOAD c:/program files (x86)/atmel/studio/7.0/toolchain/avr8/avr8-gnu-toolchain/bin/../lib/gcc/avr/4.9.2/../../../../avr/lib/avr6\libm.a
END GROUP
LOAD c:/program files (x86)/atmel/studio/7.0/toolchain/avr8/avr8-gnu-toolchain/bin/../lib/gcc/avr/4.9.2/avr6\libgcc.a
LOAD c:/program files (x86)/atmel/studio/7.0/toolchain/avr8/avr8-gnu-toolchain/bin/../lib/gcc/avr/4.9.2/../../../../avr/lib/avr6\libm.a
START GROUP
LOAD c:/program files (x86)/atmel/studio/7.0/toolchain/avr8/avr8-gnu-toolchain/bin/../lib/gcc/avr/4.9.2/avr6\libgcc.a
LOAD c:/program files (x86)/atmel/studio/7.0/toolchain/avr8/avr8-gnu-toolchain/bin/../lib/gcc/avr/4.9.2/../../../../avr/lib/avr6\libm.a
LOAD c:/program files (x86)/atmel/studio/7.0/toolchain/avr8/avr8-gnu-toolchain/bin/../lib/gcc/avr/4.9.2/../../../../avr/lib/avr6\libc.a
LOAD C:/Program Files (x86)/Atmel/Studio/7.0/Packs/atmel/ATmega_DFP/1.1.130/gcc/dev/atmega2560/avr6\libatmega2560.a
END GROUP
                0x00100000                __TEXT_REGION_LENGTH__ = DEFINED (__TEXT_REGION_LENGTH__)?__TEXT_REGION_LENGTH__:0x100000
                0x0000fe00                __DATA_REGION_LENGTH__ = DEFINED (__DATA_REGION_LENGTH__)?__DATA_REGION_LENGTH__:0xfe00
                0x00010000                __EEPROM_REGION_LENGTH__ = DEFINED (__EEPROM_REGION_LENGTH__)?__EEPROM_REGION_LENGTH__:0x10000
                [0x00000003]                __FUSE_REGION_LENGTH__ = DEFINED (__FUSE_REGION_LENGTH__)?__FUSE_REGION_LENGTH__:0x400
                0x00000400                __LOCK_REGION_LENGTH__ = DEFINED (__LOCK_REGION_LENGTH__)?__LOCK_REGION_LENGTH__:0x400
                0x00000400                __SIGNATURE_REGION_LENGTH__ = DEFINED (__SIGNATURE_REGION_LENGTH__)?__SIGNATURE_REGION_LENGTH__:0x400
                0x00000400                __USER_SIGNATURE_REGION_LENGTH__ = DEFINED (__USER_SIGNATURE_REGION_LENGTH__)?__USER_SIGNATURE_REGION_LENGTH__:0x400

.hash
 *(.hash)

.dynsym
 *(.dynsym)

.dynstr
 *(.dynstr)

.gnu.version
 *(.gnu.version)

.gnu.version_d
 *(.gnu.version_d)

.gnu.version_r
 *(.gnu.version_r)

.rel.init
 *(.rel.init)

.rela.init
 *(.rela.init)

.rel.text
 *(.rel.text)
 *(.rel.text.*)
 *(.rel.gnu.linkonce.t*)

.rela.text
 *(.rela.text)
 *(.rela.text.*)
 *(.rela.gnu.linkonce.t*)

.rel.fini
 *(.rel.fini)

.rela.fini
 *(.rela.fini)

.rel.rodata
 *(.rel.rodata)
 *(.rel.rodata.*)
 *(.rel.gnu.linkonce.r*)

.rela.rodata
 *(.rela.rodata)
 *(.rela.rodata.*)
 *(.rela.gnu.linkonce.r*)

.rel.data
 *(.rel.data)
 *(.rel.data.*)
 *(.rel.gnu.linkonce.d*)

.rela.data
 *(.rela.data)
 *(.rela.data.*)
 *(.rela.gnu.linkonce.d*)

.rel.ctors
 *(.rel.ctors)

.rela.ctors
 *(.rela.ctors)

.rel.dtors
 *(.rel.dtors)

.rela.dtors
 *(.rela.dtors)

.rel.got
 *(.rel.got)

.rela.got
 *(.rela.got)

.rel.bss
 *(.rel.bss)

.rela.bss
 *(.rela.bss)

.rel.plt
 *(.rel.plt)

.rela.plt
 *(.rela.plt)

.text           0x00000000     0x3d8a
 *(.vectors)
 .vectors       0x00000000       0xe4 C:/Program Files (x86)/Atmel/Studio/7.0/Packs/atmel/ATmega_DFP/1.1.130/gcc/dev/atmega2560/avr6/crtatmega2560.o
                0x00000000                __vector_default
                0x00000000                __vectors
 *(.vectors)
 *(.progmem.gcc*)
 .progmem.gcc_sw_table._ZN22AnalogDigitalConverter6sampleEv
                0x000000e4       0x20 ADC.o
                0x00000104                . = ALIGN (0x2)
                0x00000104                __trampolines_start = .
 *(.trampolines)
 .trampolines   0x00000104        0x0 linker stubs
 *(.trampolines*)
                0x00000104                __trampolines_end = .
 *libprintf_flt.a:*(.progmem.data)
 *libc.a:*(.progmem.data)
 *(.progmem*)
 .progmem.data._ZL7_pt1000
                0x00000104      0x35e ADC.o
 .progmem.data._ZL7_pt2000
                0x00000462      0x350 ADC.o
 .progmem.data._ZL8cmd_adc1
                0x000007b2        0x4 cmdHandler.o
 .progmem.data._ZL8cmd_adc0
                0x000007b6        0x4 cmdHandler.o
 .progmem.data._ZL7cmd_io4
                0x000007ba        0x3 cmdHandler.o
 .progmem.data._ZL7cmd_io3
                0x000007bd        0x3 cmdHandler.o
 .progmem.data._ZL7cmd_io2
                0x000007c0        0x3 cmdHandler.o
 .progmem.data._ZL7cmd_io1
                0x000007c3        0x3 cmdHandler.o
 .progmem.data._ZL7cmd_io0
                0x000007c6        0x3 cmdHandler.o
 .progmem.data._ZL9cmd_value
                0x000007c9        0x5 cmdHandler.o
 .progmem.data._ZL10cmd_config
                0x000007ce        0x6 cmdHandler.o
 .progmem.data._ZL9cmd_false
                0x000007d4        0x5 cmdParser.o
 .progmem.data._ZL8cmd_true
                0x000007d9        0x4 cmdParser.o
 .progmem.data._ZL8cmd_adc1
                0x000007dd        0x4 cmdParser.o
 .progmem.data._ZL8cmd_adc0
                0x000007e1        0x4 cmdParser.o
 .progmem.data._ZL7cmd_io4
                0x000007e5        0x3 cmdParser.o
 .progmem.data._ZL7cmd_io3
                0x000007e8        0x3 cmdParser.o
 .progmem.data._ZL7cmd_io2
                0x000007eb        0x3 cmdParser.o
 .progmem.data._ZL7cmd_io1
                0x000007ee        0x3 cmdParser.o
 .progmem.data._ZL7cmd_io0
                0x000007f1        0x3 cmdParser.o
 .progmem.data._ZL9cmd_value
                0x000007f4        0x5 cmdParser.o
 .progmem.data._ZL10cmd_config
                0x000007f9        0x6 cmdParser.o
 .progmem.data._ZL6cmd_io
                0x000007ff        0x2 cmdParser.o
 .progmem.data._ZL7cmd_get
                0x00000801        0x3 cmdParser.o
 .progmem.data._ZL7cmd_set
                0x00000804        0x3 cmdParser.o
 .progmem.data._ZL11cmd_freeMem
                0x00000807        0x7 cmdParser.o
                0x0000080e                . = ALIGN (0x2)
 *(.jumptables)
 *(.jumptables*)
 *(.lowtext)
 *(.lowtext*)
                0x0000080e                __ctors_start = .
 *(.ctors)
 .ctors         0x0000080e        0x2 main.o
                0x00000810                __ctors_end = .
                0x00000810                __dtors_start = .
 *(.dtors)
 .dtors         0x00000810        0x2 main.o
                0x00000812                __dtors_end = .
 SORT(*)(.ctors)
 SORT(*)(.dtors)
 *(.init0)
 .init0         0x00000812        0x0 C:/Program Files (x86)/Atmel/Studio/7.0/Packs/atmel/ATmega_DFP/1.1.130/gcc/dev/atmega2560/avr6/crtatmega2560.o
                0x00000812                __init
 *(.init0)
 *(.init1)
 *(.init1)
 *(.init2)
 .init2         0x00000812       0x10 C:/Program Files (x86)/Atmel/Studio/7.0/Packs/atmel/ATmega_DFP/1.1.130/gcc/dev/atmega2560/avr6/crtatmega2560.o
 *(.init2)
 *(.init3)
 *(.init3)
 *(.init4)
 .init4         0x00000822       0x1a c:/program files (x86)/atmel/studio/7.0/toolchain/avr8/avr8-gnu-toolchain/bin/../lib/gcc/avr/4.9.2/avr6\libgcc.a(_copy_data.o)
                0x00000822                __do_copy_data
 .init4         0x0000083c       0x10 c:/program files (x86)/atmel/studio/7.0/toolchain/avr8/avr8-gnu-toolchain/bin/../lib/gcc/avr/4.9.2/avr6\libgcc.a(_clear_bss.o)
                0x0000083c                __do_clear_bss
 *(.init4)
 *(.init5)
 *(.init5)
 *(.init6)
 .init6         0x0000084c       0x20 c:/program files (x86)/atmel/studio/7.0/toolchain/avr8/avr8-gnu-toolchain/bin/../lib/gcc/avr/4.9.2/avr6\libgcc.a(_ctors.o)
                0x0000084c                __do_global_ctors
 *(.init6)
 *(.init7)
 *(.init7)
 *(.init8)
 *(.init8)
 *(.init9)
 .init9         0x0000086c        0x8 C:/Program Files (x86)/Atmel/Studio/7.0/Packs/atmel/ATmega_DFP/1.1.130/gcc/dev/atmega2560/avr6/crtatmega2560.o
 *(.init9)
 *(.text)
 .text          0x00000874        0x2 C:/Program Files (x86)/Atmel/Studio/7.0/Packs/atmel/ATmega_DFP/1.1.130/gcc/dev/atmega2560/avr6/crtatmega2560.o
                0x00000874                __vector_38
                0x00000874                __vector_22
                0x00000874                __vector_28
                0x00000874                __vector_1
                0x00000874                __vector_32
                0x00000874                __vector_34
                0x00000874                __vector_24
                0x00000874                __vector_12
                0x00000874                __vector_55
                0x00000874                __vector_46
                0x00000874                __bad_interrupt
                0x00000874                __vector_6
                0x00000874                __vector_31
                0x00000874                __vector_35
                0x00000874                __vector_39
                0x00000874                __vector_3
                0x00000874                __vector_23
                0x00000874                __vector_30
                0x00000874                __vector_45
                0x00000874                __vector_11
                0x00000874                __vector_54
                0x00000874                __vector_13
                0x00000874                __vector_17
                0x00000874                __vector_19
                0x00000874                __vector_56
                0x00000874                __vector_7
                0x00000874                __vector_49
                0x00000874                __vector_41
                0x00000874                __vector_43
                0x00000874                __vector_27
                0x00000874                __vector_5
                0x00000874                __vector_33
                0x00000874                __vector_47
                0x00000874                __vector_52
                0x00000874                __vector_37
                0x00000874                __vector_4
                0x00000874                __vector_44
                0x00000874                __vector_51
                0x00000874                __vector_9
                0x00000874                __vector_2
                0x00000874                __vector_21
                0x00000874                __vector_15
                0x00000874                __vector_40
                0x00000874                __vector_8
                0x00000874                __vector_26
                0x00000874                __vector_48
                0x00000874                __vector_14
                0x00000874                __vector_53
                0x00000874                __vector_10
                0x00000874                __vector_50
                0x00000874                __vector_16
                0x00000874                __vector_20
                0x00000874                __vector_42
                0x00000876                . = ALIGN (0x2)
 *(.text.*)
 .text._ZN22AnalogDigitalConverterC2Ev
                0x00000876       0xaa ADC.o
                0x00000876                _ZN22AnalogDigitalConverterC1Ev
                0x00000876                _ZN22AnalogDigitalConverterC2Ev
 .text._ZN22AnalogDigitalConverter9getoutputEh
                0x00000920       0x20 ADC.o
                0x00000920                _ZN22AnalogDigitalConverter9getoutputEh
 .text._ZN22AnalogDigitalConverter32ConvertPT1000ADCvalToTemperatureEi
                0x00000940       0x28 ADC.o
                0x00000940                _ZN22AnalogDigitalConverter32ConvertPT1000ADCvalToTemperatureEi
 .text._ZN22AnalogDigitalConverter32ConvertPT2000ADCvalToTemperatureEi
                0x00000968       0x28 ADC.o
                0x00000968                _ZN22AnalogDigitalConverter32ConvertPT2000ADCvalToTemperatureEi
 .text._ZN22AnalogDigitalConverter6sampleEv
                0x00000990      0x2e2 ADC.o
                0x00000990                _ZN22AnalogDigitalConverter6sampleEv
 .text._ZN22AnalogDigitalConverter9getconfigEh
                0x00000c72       0x46 ADC.o
                0x00000c72                _ZN22AnalogDigitalConverter9getconfigEh
 .text._ZN22AnalogDigitalConverter9setconfigEhh
                0x00000cb8       0x64 ADC.o
                0x00000cb8                _ZN22AnalogDigitalConverter9setconfigEhh
 .text.__vector_18
                0x00000d1c       0x16 ADC.o
                0x00000d1c                __vector_18
 .text._Z14cmdHandler__iov
                0x00000d32        0x4 cmdHandler.o
                0x00000d32                _Z14cmdHandler__iov
 .text._Z18cmdHandler__io_setv
                0x00000d36        0x4 cmdHandler.o
                0x00000d36                _Z18cmdHandler__io_setv
 .text._Z24cmdHandler__io_set_valuev
                0x00000d3a        0x4 cmdHandler.o
                0x00000d3a                _Z24cmdHandler__io_set_valuev
 .text._Z25cmdHandler__io_set_configv
                0x00000d3e        0x4 cmdHandler.o
                0x00000d3e                _Z25cmdHandler__io_set_configv
 .text._Z18cmdHandler__io_getv
                0x00000d42        0x4 cmdHandler.o
                0x00000d42                _Z18cmdHandler__io_getv
 .text._Z25cmdHandler__io_get_configv
                0x00000d46        0x4 cmdHandler.o
                0x00000d46                _Z25cmdHandler__io_get_configv
 .text._Z29cmdHandler__io_get_config_io0i
                0x00000d4a       0x84 cmdHandler.o
                0x00000d4a                _Z29cmdHandler__io_get_config_io0i
 .text._Z29cmdHandler__io_get_config_io0v
                0x00000dce       0x32 cmdHandler.o
                0x00000dce                _Z29cmdHandler__io_get_config_io0v
 .text._Z29cmdHandler__io_set_config_io0i
                0x00000e00       0x7a cmdHandler.o
                0x00000e00                _Z29cmdHandler__io_set_config_io0i
 .text._Z29cmdHandler__io_get_config_io1i
                0x00000e7a       0x84 cmdHandler.o
                0x00000e7a                _Z29cmdHandler__io_get_config_io1i
 .text._Z29cmdHandler__io_get_config_io1v
                0x00000efe       0x32 cmdHandler.o
                0x00000efe                _Z29cmdHandler__io_get_config_io1v
 .text._Z29cmdHandler__io_set_config_io1i
                0x00000f30       0x7a cmdHandler.o
                0x00000f30                _Z29cmdHandler__io_set_config_io1i
 .text._Z29cmdHandler__io_get_config_io2i
                0x00000faa       0x84 cmdHandler.o
                0x00000faa                _Z29cmdHandler__io_get_config_io2i
 .text._Z29cmdHandler__io_get_config_io2v
                0x0000102e       0x32 cmdHandler.o
                0x0000102e                _Z29cmdHandler__io_get_config_io2v
 .text._Z29cmdHandler__io_set_config_io2i
                0x00001060       0x7a cmdHandler.o
                0x00001060                _Z29cmdHandler__io_set_config_io2i
 .text._Z29cmdHandler__io_get_config_io3i
                0x000010da       0x84 cmdHandler.o
                0x000010da                _Z29cmdHandler__io_get_config_io3i
 .text._Z29cmdHandler__io_get_config_io3v
                0x0000115e       0x32 cmdHandler.o
                0x0000115e                _Z29cmdHandler__io_get_config_io3v
 .text._Z29cmdHandler__io_set_config_io3i
                0x00001190       0x7a cmdHandler.o
                0x00001190                _Z29cmdHandler__io_set_config_io3i
 .text._Z29cmdHandler__io_get_config_io4i
                0x0000120a       0x84 cmdHandler.o
                0x0000120a                _Z29cmdHandler__io_get_config_io4i
 .text._Z29cmdHandler__io_get_config_io4v
                0x0000128e       0x32 cmdHandler.o
                0x0000128e                _Z29cmdHandler__io_get_config_io4v
 .text._Z29cmdHandler__io_set_config_io4i
                0x000012c0       0x7a cmdHandler.o
                0x000012c0                _Z29cmdHandler__io_set_config_io4i
 .text._Z30cmdHandler__io_get_config_adc0i
                0x0000133a       0x76 cmdHandler.o
                0x0000133a                _Z30cmdHandler__io_get_config_adc0i
 .text._Z30cmdHandler__io_get_config_adc0v
                0x000013b0       0x3e cmdHandler.o
                0x000013b0                _Z30cmdHandler__io_get_config_adc0v
 .text._Z30cmdHandler__io_set_config_adc0i
                0x000013ee       0x3c cmdHandler.o
                0x000013ee                _Z30cmdHandler__io_set_config_adc0i
 .text._Z30cmdHandler__io_get_config_adc1i
                0x0000142a       0x78 cmdHandler.o
                0x0000142a                _Z30cmdHandler__io_get_config_adc1i
 .text._Z30cmdHandler__io_get_config_adc1v
                0x000014a2       0x3e cmdHandler.o
                0x000014a2                _Z30cmdHandler__io_get_config_adc1v
 .text._Z30cmdHandler__io_set_config_adc1i
                0x000014e0       0x3e cmdHandler.o
                0x000014e0                _Z30cmdHandler__io_set_config_adc1i
 .text._Z28cmdHandler__io_get_value_io0i
                0x0000151e       0x9a cmdHandler.o
                0x0000151e                _Z28cmdHandler__io_get_value_io0i
 .text._Z33cmdHandler__io_set_value_io0_truei
                0x000015b8       0x74 cmdHandler.o
                0x000015b8                _Z33cmdHandler__io_set_value_io0_truei
 .text._Z34cmdHandler__io_set_value_io0_falsei
                0x0000162c       0x74 cmdHandler.o
                0x0000162c                _Z34cmdHandler__io_set_value_io0_falsei
 .text._Z28cmdHandler__io_get_value_io0v
                0x000016a0       0x32 cmdHandler.o
                0x000016a0                _Z28cmdHandler__io_get_value_io0v
 .text._Z28cmdHandler__io_set_value_io0i
                0x000016d2       0x86 cmdHandler.o
                0x000016d2                _Z28cmdHandler__io_set_value_io0i
 .text._Z28cmdHandler__io_get_value_io1i
                0x00001758       0x9a cmdHandler.o
                0x00001758                _Z28cmdHandler__io_get_value_io1i
 .text._Z33cmdHandler__io_set_value_io1_truei
                0x000017f2       0x74 cmdHandler.o
                0x000017f2                _Z33cmdHandler__io_set_value_io1_truei
 .text._Z34cmdHandler__io_set_value_io1_falsei
                0x00001866       0x74 cmdHandler.o
                0x00001866                _Z34cmdHandler__io_set_value_io1_falsei
 .text._Z28cmdHandler__io_get_value_io1v
                0x000018da       0x32 cmdHandler.o
                0x000018da                _Z28cmdHandler__io_get_value_io1v
 .text._Z28cmdHandler__io_set_value_io1i
                0x0000190c       0x86 cmdHandler.o
                0x0000190c                _Z28cmdHandler__io_set_value_io1i
 .text._Z28cmdHandler__io_get_value_io2i
                0x00001992       0x9a cmdHandler.o
                0x00001992                _Z28cmdHandler__io_get_value_io2i
 .text._Z33cmdHandler__io_set_value_io2_truei
                0x00001a2c       0x74 cmdHandler.o
                0x00001a2c                _Z33cmdHandler__io_set_value_io2_truei
 .text._Z34cmdHandler__io_set_value_io2_falsei
                0x00001aa0       0x74 cmdHandler.o
                0x00001aa0                _Z34cmdHandler__io_set_value_io2_falsei
 .text._Z28cmdHandler__io_get_value_io2v
                0x00001b14       0x32 cmdHandler.o
                0x00001b14                _Z28cmdHandler__io_get_value_io2v
 .text._Z28cmdHandler__io_set_value_io2i
                0x00001b46       0x86 cmdHandler.o
                0x00001b46                _Z28cmdHandler__io_set_value_io2i
 .text._Z28cmdHandler__io_get_value_io3i
                0x00001bcc       0x9a cmdHandler.o
                0x00001bcc                _Z28cmdHandler__io_get_value_io3i
 .text._Z33cmdHandler__io_set_value_io3_truei
                0x00001c66       0x74 cmdHandler.o
                0x00001c66                _Z33cmdHandler__io_set_value_io3_truei
 .text._Z34cmdHandler__io_set_value_io3_falsei
                0x00001cda       0x74 cmdHandler.o
                0x00001cda                _Z34cmdHandler__io_set_value_io3_falsei
 .text._Z28cmdHandler__io_get_value_io3v
                0x00001d4e       0x32 cmdHandler.o
                0x00001d4e                _Z28cmdHandler__io_get_value_io3v
 .text._Z28cmdHandler__io_set_value_io3i
                0x00001d80       0x86 cmdHandler.o
                0x00001d80                _Z28cmdHandler__io_set_value_io3i
 .text._Z28cmdHandler__io_get_value_io4i
                0x00001e06       0x92 cmdHandler.o
                0x00001e06                _Z28cmdHandler__io_get_value_io4i
 .text._Z33cmdHandler__io_set_value_io4_truei
                0x00001e98       0x74 cmdHandler.o
                0x00001e98                _Z33cmdHandler__io_set_value_io4_truei
 .text._Z34cmdHandler__io_set_value_io4_falsei
                0x00001f0c       0x72 cmdHandler.o
                0x00001f0c                _Z34cmdHandler__io_set_value_io4_falsei
 .text._Z28cmdHandler__io_get_value_io4v
                0x00001f7e       0x32 cmdHandler.o
                0x00001f7e                _Z28cmdHandler__io_get_value_io4v
 .text._Z28cmdHandler__io_set_value_io4i
                0x00001fb0       0x82 cmdHandler.o
                0x00001fb0                _Z28cmdHandler__io_set_value_io4i
 .text._Z29cmdHandler__io_get_value_adc0i
                0x00002032       0x72 cmdHandler.o
                0x00002032                _Z29cmdHandler__io_get_value_adc0i
 .text._Z29cmdHandler__io_get_value_adc0v
                0x000020a4       0x32 cmdHandler.o
                0x000020a4                _Z29cmdHandler__io_get_value_adc0v
 .text._Z29cmdHandler__io_get_value_adc1i
                0x000020d6       0x74 cmdHandler.o
                0x000020d6                _Z29cmdHandler__io_get_value_adc1i
 .text._Z29cmdHandler__io_get_value_adc1v
                0x0000214a       0x32 cmdHandler.o
                0x0000214a                _Z29cmdHandler__io_get_value_adc1v
 .text._Z24cmdHandler__io_get_valuev
                0x0000217c       0x10 cmdHandler.o
                0x0000217c                _Z24cmdHandler__io_get_valuev
 .text._Z19cmdHandler__freeMemv
                0x0000218c       0x26 cmdHandler.o
                0x0000218c                _Z19cmdHandler__freeMemv
 .text._ZN9cmdParser15set_parser_flagEv
                0x000021b2        0x8 cmdParser.o
                0x000021b2                _ZN9cmdParser15set_parser_flagEv
 .text._ZN9cmdParser5matchEP26list_array_uint8_t_elementPKhh
                0x000021ba       0x5a cmdParser.o
                0x000021ba                _ZN9cmdParser5matchEP26list_array_uint8_t_elementPKhh
 .text._Z14CharArrayToIntP26list_array_uint8_t_element
                0x00002214      0x12a cmdParser.o
                0x00002214                _Z14CharArrayToIntP26list_array_uint8_t_element
 .text._ZN9cmdParser7resolveEP26list_array_uint8_t_element
                0x0000233e      0x898 cmdParser.o
                0x0000233e                _ZN9cmdParser7resolveEP26list_array_uint8_t_element
 .text._ZN9cmdParser5parseEv
                0x00002bd6      0x14c cmdParser.o
                0x00002bd6                _ZN9cmdParser5parseEv
 .text._ZN9cmdParser11checkparserEv
                0x00002d22       0x1c cmdParser.o
                0x00002d22                _ZN9cmdParser11checkparserEv
 .text._Z14intToCharArrayP26list_array_uint8_t_elementi
                0x00002d3e       0xdc cmdParser.o
                0x00002d3e                _Z14intToCharArrayP26list_array_uint8_t_elementi
 .text._Z14intToCharArrayi
                0x00002e1a        0xa cmdParser.o
                0x00002e1a                _Z14intToCharArrayi
 .text._Z28build_listElementFromProgmemP26list_array_uint8_t_elementPKhh
                0x00002e24       0x94 cmdParser.o
                0x00002e24                _Z28build_listElementFromProgmemP26list_array_uint8_t_elementPKhh
 .text._ZN6io_pin3getEv
                0x00002eb8       0x88 io.o
                0x00002eb8                _ZN6io_pin3getEv
 .text._ZN6io_pin3setEb
                0x00002f40       0x8a io.o
                0x00002f40                _ZN6io_pin3setEb
 .text._ZN6io_pin9setconfigEh
                0x00002fca       0xf0 io.o
                0x00002fca                _ZN6io_pin9setconfigEh
 .text._ZN6io_pinC2EPVhS1_S1_h9io_config
                0x000030ba       0x1e io.o
                0x000030ba                _ZN6io_pinC1EPVhS1_S1_h9io_config
                0x000030ba                _ZN6io_pinC2EPVhS1_S1_h9io_config
 .text._ZN6io_pin9getconfigEv
                0x000030d8        0x6 io.o
                0x000030d8                _ZN6io_pin9getconfigEv
 .text._ZN26list_array_uint8_t_elementC2EPS_Phh
                0x000030de       0x5e list__array_uint8_t.o
                0x000030de                _ZN26list_array_uint8_t_elementC1EPS_Phh
                0x000030de                _ZN26list_array_uint8_t_elementC2EPS_Phh
 .text._ZN26list_array_uint8_t_elementC2EPhh
                0x0000313c       0x52 list__array_uint8_t.o
                0x0000313c                _ZN26list_array_uint8_t_elementC1EPhh
                0x0000313c                _ZN26list_array_uint8_t_elementC2EPhh
 .text._ZN26list_array_uint8_t_elementD2Ev
                0x0000318e       0x28 list__array_uint8_t.o
                0x0000318e                _ZN26list_array_uint8_t_elementD2Ev
                0x0000318e                _ZN26list_array_uint8_t_elementD1Ev
 .text._Z7init_iov
                0x000031b6      0x5fa main.o
                0x000031b6                _Z7init_iov
 .text.main     0x000037b0        0xe main.o
                0x000037b0                main
 .text.__vector_29
                0x000037be       0x54 main.o
                0x000037be                __vector_29
 .text._Z7freeRamv
                0x00003812       0x32 main.o
                0x00003812                _Z7freeRamv
 .text._GLOBAL__sub_I_myADC
                0x00003844        0xa main.o
 .text._GLOBAL__sub_D_myADC
                0x0000384e       0x26 main.o
 .text._Znwj    0x00003874        0x4 mem.o
                0x00003874                _Znwj
 .text._ZdlPv   0x00003878        0x4 mem.o
                0x00003878                _ZdlPv
 .text._ZN10iirlowpass6sampleEi
                0x0000387c       0x8e tiefpass.o
                0x0000387c                _ZN10iirlowpass6sampleEi
 .text._ZN10iirlowpassC2Ev
                0x0000390a       0x26 tiefpass.o
                0x0000390a                _ZN10iirlowpassC2Ev
                0x0000390a                _ZN10iirlowpassC1Ev
 .text._ZN10iirlowpassD2Ev
                0x00003930        0xa tiefpass.o
                0x00003930                _ZN10iirlowpassD1Ev
                0x00003930                _ZN10iirlowpassD2Ev
 .text._Z10init_UART0v
                0x0000393a       0x18 uart.o
                0x0000393a                _Z10init_UART0v
 .text.__vector_25
                0x00003952       0x78 uart.o
                0x00003952                __vector_25
 .text.__vector_36
                0x000039ca       0x1c uart.o
                0x000039ca                __vector_36
 .text._Z11serial_out0h
                0x000039e6       0x1c uart.o
                0x000039e6                _Z11serial_out0h
 .text._Z11serial_out0Phh
                0x00003a02       0x44 uart.o
                0x00003a02                _Z11serial_out0Phh
 .text._Z11serial_out0P26list_array_uint8_t_elementh
                0x00003a46       0x2e uart.o
                0x00003a46                _Z11serial_out0P26list_array_uint8_t_elementh
 .text._Z11serial_out0P26list_array_uint8_t_element
                0x00003a74        0x6 uart.o
                0x00003a74                _Z11serial_out0P26list_array_uint8_t_element
 .text.libgcc.div
                0x00003a7a       0x26 c:/program files (x86)/atmel/studio/7.0/toolchain/avr8/avr8-gnu-toolchain/bin/../lib/gcc/avr/4.9.2/avr6\libgcc.a(_divmodhi4.o)
                0x00003a7a                _div
                0x00003a7a                __divmodhi4
 .text.libgcc   0x00003aa0       0x10 c:/program files (x86)/atmel/studio/7.0/toolchain/avr8/avr8-gnu-toolchain/bin/../lib/gcc/avr/4.9.2/avr6\libgcc.a(_tablejump2.o)
                0x00003aa0                __tablejump2__
 .text.libgcc.mul
                0x00003ab0        0xc c:/program files (x86)/atmel/studio/7.0/toolchain/avr8/avr8-gnu-toolchain/bin/../lib/gcc/avr/4.9.2/avr6\libgcc.a(_mulhisi3.o)
                0x00003ab0                __mulhisi3
 .text.libgcc.mul
                0x00003abc       0x1e c:/program files (x86)/atmel/studio/7.0/toolchain/avr8/avr8-gnu-toolchain/bin/../lib/gcc/avr/4.9.2/avr6\libgcc.a(_umulhisi3.o)
                0x00003abc                __umulhisi3
 .text.libgcc.mul
                0x00003ada        0xc c:/program files (x86)/atmel/studio/7.0/toolchain/avr8/avr8-gnu-toolchain/bin/../lib/gcc/avr/4.9.2/avr6\libgcc.a(_usmulhisi3.o)
                0x00003ada                __usmulhisi3
                0x00003adc                __usmulhisi3_tail
 .text.libgcc.div
                0x00003ae6       0x28 c:/program files (x86)/atmel/studio/7.0/toolchain/avr8/avr8-gnu-toolchain/bin/../lib/gcc/avr/4.9.2/avr6\libgcc.a(_udivmodhi4.o)
                0x00003ae6                __udivmodhi4
 .text.avr-libc
                0x00003b0e      0x25a c:/program files (x86)/atmel/studio/7.0/toolchain/avr8/avr8-gnu-toolchain/bin/../lib/gcc/avr/4.9.2/../../../../avr/lib/avr6\libc.a(malloc.o)
                0x00003b0e                malloc
                0x00003c38                free
                0x00003d68                . = ALIGN (0x2)
 *(.fini9)
 .fini9         0x00003d68        0x0 c:/program files (x86)/atmel/studio/7.0/toolchain/avr8/avr8-gnu-toolchain/bin/../lib/gcc/avr/4.9.2/avr6\libgcc.a(_exit.o)
                0x00003d68                _exit
                0x00003d68                exit
 *(.fini9)
 *(.fini8)
 *(.fini8)
 *(.fini7)
 *(.fini7)
 *(.fini6)
 .fini6         0x00003d68       0x1e c:/program files (x86)/atmel/studio/7.0/toolchain/avr8/avr8-gnu-toolchain/bin/../lib/gcc/avr/4.9.2/avr6\libgcc.a(_dtors.o)
                0x00003d68                __do_global_dtors
 *(.fini6)
 *(.fini5)
 *(.fini5)
 *(.fini4)
 *(.fini4)
 *(.fini3)
 *(.fini3)
 *(.fini2)
 *(.fini2)
 *(.fini1)
 *(.fini1)
 *(.fini0)
 .fini0         0x00003d86        0x4 c:/program files (x86)/atmel/studio/7.0/toolchain/avr8/avr8-gnu-toolchain/bin/../lib/gcc/avr/4.9.2/avr6\libgcc.a(_exit.o)
 *(.fini0)
                0x00003d8a                _etext = .

.data           0x00800200       0x3c load address 0x00003d8a
                0x00800200                PROVIDE (__data_start, .)
 *(.data)
 .data          0x00800200        0x6 c:/program files (x86)/atmel/studio/7.0/toolchain/avr8/avr8-gnu-toolchain/bin/../lib/gcc/avr/4.9.2/../../../../avr/lib/avr6\libc.a(malloc.o)
                0x00800200                __malloc_heap_end
                0x00800202                __malloc_heap_start
                0x00800204                __malloc_margin
 *(.data*)
 *(.rodata)
 .rodata        0x00800206       0x20 ADC.o
 .rodata        0x00800226       0x16 tiefpass.o
 *(.rodata*)
 *(.gnu.linkonce.d*)
                0x0080023c                . = ALIGN (0x2)
                0x0080023c                _edata = .
                0x0080023c                PROVIDE (__data_end, .)

.bss            0x0080023c      0x245
                0x0080023c                PROVIDE (__bss_start, .)
 *(.bss)
 *(.bss*)
 .bss.io4       0x0080023c        0x2 main.o
                0x0080023c                io4
 .bss.io3       0x0080023e        0x2 main.o
                0x0080023e                io3
 .bss.io2       0x00800240        0x2 main.o
                0x00800240                io2
 .bss.io1       0x00800242        0x2 main.o
                0x00800242                io1
 .bss.io0       0x00800244        0x2 main.o
                0x00800244                io0
 .bss.myParser  0x00800246        0x1 main.o
                0x00800246                myParser
 .bss.myADC     0x00800247      0x1d1 main.o
                0x00800247                myADC
 .bss.InBufferUart0pointer
                0x00800418        0x1 uart.o
                0x00800418                InBufferUart0pointer
 .bss.InBufferUart0
                0x00800419       0x64 uart.o
                0x00800419                InBufferUart0
 *(COMMON)
 COMMON         0x0080047d        0x4 c:/program files (x86)/atmel/studio/7.0/toolchain/avr8/avr8-gnu-toolchain/bin/../lib/gcc/avr/4.9.2/../../../../avr/lib/avr6\libc.a(malloc.o)
                0x0080047d                __brkval
                0x0080047f                __flp
                0x00800481                PROVIDE (__bss_end, .)
                0x00003d8a                __data_load_start = LOADADDR (.data)
                0x00003dc6                __data_load_end = (__data_load_start + SIZEOF (.data))

.noinit         0x00800481        0x0
                [!provide]                PROVIDE (__noinit_start, .)
 *(.noinit*)
                [!provide]                PROVIDE (__noinit_end, .)
                0x00800481                _end = .
                0x00800481                PROVIDE (__heap_start, .)

.eeprom         0x00810000        0x0
 *(.eeprom*)
                0x00810000                __eeprom_end = .

.fuse
 *(.fuse)
 *(.lfuse)
 *(.hfuse)
 *(.efuse)

.lock
 *(.lock*)

.signature
 *(.signature*)

.user_signatures
 *(.user_signatures*)

.stab
 *(.stab)

.stabstr
 *(.stabstr)

.stab.excl
 *(.stab.excl)

.stab.exclstr
 *(.stab.exclstr)

.stab.index
 *(.stab.index)

.stab.indexstr
 *(.stab.indexstr)

.comment        0x00000000       0x30
 *(.comment)
 .comment       0x00000000       0x30 ADC.o
                                 0x31 (size before relaxing)
 .comment       0x00000030       0x31 cmdHandler.o
 .comment       0x00000030       0x31 cmdParser.o
 .comment       0x00000030       0x31 io.o
 .comment       0x00000030       0x31 list__array_uint8_t.o
 .comment       0x00000030       0x31 main.o
 .comment       0x00000030       0x31 mem.o
 .comment       0x00000030       0x31 tiefpass.o
 .comment       0x00000030       0x31 uart.o
 .comment       0x00000030       0x31 c:/program files (x86)/atmel/studio/7.0/toolchain/avr8/avr8-gnu-toolchain/bin/../lib/gcc/avr/4.9.2/../../../../avr/lib/avr6\libc.a(malloc.o)

.note.gnu.avr.deviceinfo
                0x00000000       0x40
 .note.gnu.avr.deviceinfo
                0x00000000       0x40 C:/Program Files (x86)/Atmel/Studio/7.0/Packs/atmel/ATmega_DFP/1.1.130/gcc/dev/atmega2560/avr6/crtatmega2560.o

.note.gnu.build-id
 *(.note.gnu.build-id)

.debug
 *(.debug)

.line
 *(.line)

.debug_srcinfo
 *(.debug_srcinfo)

.debug_sfnames
 *(.debug_sfnames)

.debug_aranges  0x00000000      0x450
 *(.debug_aranges)
 .debug_aranges
                0x00000000       0x58 ADC.o
 .debug_aranges
                0x00000058      0x1e8 cmdHandler.o
 .debug_aranges
                0x00000240       0x68 cmdParser.o
 .debug_aranges
                0x000002a8       0x48 io.o
 .debug_aranges
                0x000002f0       0x40 list__array_uint8_t.o
 .debug_aranges
                0x00000330       0x50 main.o
 .debug_aranges
                0x00000380       0x40 mem.o
 .debug_aranges
                0x000003c0       0x30 tiefpass.o
 .debug_aranges
                0x000003f0       0x60 uart.o

.debug_pubnames
 *(.debug_pubnames)

.debug_info     0x00000000     0xa2b5
 *(.debug_info .gnu.linkonce.wi.*)
 .debug_info    0x00000000      0xbbc C:/Program Files (x86)/Atmel/Studio/7.0/Packs/atmel/ATmega_DFP/1.1.130/gcc/dev/atmega2560/avr6/crtatmega2560.o
 .debug_info    0x00000bbc      0x6c5 ADC.o
 .debug_info    0x00001281     0x35eb cmdHandler.o
 .debug_info    0x0000486c     0x2647 cmdParser.o
 .debug_info    0x00006eb3      0x3b5 io.o
 .debug_info    0x00007268      0x43c list__array_uint8_t.o
 .debug_info    0x000076a4     0x2115 main.o
 .debug_info    0x000097b9      0x191 mem.o
 .debug_info    0x0000994a      0x29a tiefpass.o
 .debug_info    0x00009be4      0x6d1 uart.o

.debug_abbrev   0x00000000     0x21d9
 *(.debug_abbrev)
 .debug_abbrev  0x00000000      0xb1a C:/Program Files (x86)/Atmel/Studio/7.0/Packs/atmel/ATmega_DFP/1.1.130/gcc/dev/atmega2560/avr6/crtatmega2560.o
 .debug_abbrev  0x00000b1a      0x251 ADC.o
 .debug_abbrev  0x00000d6b      0x3e5 cmdHandler.o
 .debug_abbrev  0x00001150      0x3a9 cmdParser.o
 .debug_abbrev  0x000014f9      0x1ed io.o
 .debug_abbrev  0x000016e6      0x1c4 list__array_uint8_t.o
 .debug_abbrev  0x000018aa      0x3eb main.o
 .debug_abbrev  0x00001c95      0x129 mem.o
 .debug_abbrev  0x00001dbe      0x1cd tiefpass.o
 .debug_abbrev  0x00001f8b      0x24e uart.o

.debug_line     0x00000000     0x2d1c
 *(.debug_line .debug_line.* .debug_line_end)
 .debug_line    0x00000000      0x1f9 C:/Program Files (x86)/Atmel/Studio/7.0/Packs/atmel/ATmega_DFP/1.1.130/gcc/dev/atmega2560/avr6/crtatmega2560.o
 .debug_line    0x000001f9      0x40f ADC.o
 .debug_line    0x00000608     0x11dc cmdHandler.o
 .debug_line    0x000017e4      0x8dd cmdParser.o
 .debug_line    0x000020c1      0x1c5 io.o
 .debug_line    0x00002286      0x243 list__array_uint8_t.o
 .debug_line    0x000024c9      0x2ed main.o
 .debug_line    0x000027b6      0x168 mem.o
 .debug_line    0x0000291e      0x1a7 tiefpass.o
 .debug_line    0x00002ac5      0x257 uart.o

.debug_frame    0x00000000      0xeb0
 *(.debug_frame)
 .debug_frame   0x00000000       0xe8 ADC.o
 .debug_frame   0x000000e8      0x7cc cmdHandler.o
 .debug_frame   0x000008b4      0x1e4 cmdParser.o
 .debug_frame   0x00000a98       0x80 io.o
 .debug_frame   0x00000b18       0xa8 list__array_uint8_t.o
 .debug_frame   0x00000bc0      0x104 main.o
 .debug_frame   0x00000cc4       0x64 mem.o
 .debug_frame   0x00000d28       0x70 tiefpass.o
 .debug_frame   0x00000d98      0x118 uart.o

.debug_str      0x00000000     0x1ddc
 *(.debug_str)
 .debug_str     0x00000000      0x3e6 C:/Program Files (x86)/Atmel/Studio/7.0/Packs/atmel/ATmega_DFP/1.1.130/gcc/dev/atmega2560/avr6/crtatmega2560.o
 .debug_str     0x000003e6      0x413 ADC.o
                                0x4a1 (size before relaxing)
 .debug_str     0x000007f9     0x1044 cmdHandler.o
                               0x14c8 (size before relaxing)
 .debug_str     0x0000183d      0x20f cmdParser.o
                               0x136f (size before relaxing)
 .debug_str     0x00001a4c       0x95 io.o
                                0x2ca (size before relaxing)
 .debug_str     0x00001ae1       0xc7 list__array_uint8_t.o
                                0x316 (size before relaxing)
 .debug_str     0x00001ba8      0x115 main.o
                                0x8af (size before relaxing)
 .debug_str     0x00001cbd       0x4f mem.o
                                0x1e7 (size before relaxing)
 .debug_str     0x00001d0c       0x4c tiefpass.o
                                0x25f (size before relaxing)
 .debug_str     0x00001d58       0x84 uart.o
                                0x588 (size before relaxing)

.debug_loc      0x00000000     0x4e0e
 *(.debug_loc)
 .debug_loc     0x00000000      0x5fb ADC.o
 .debug_loc     0x000005fb     0x28a9 cmdHandler.o
 .debug_loc     0x00002ea4     0x1377 cmdParser.o
 .debug_loc     0x0000421b      0x295 io.o
 .debug_loc     0x000044b0      0x2e7 list__array_uint8_t.o
 .debug_loc     0x00004797      0x1a5 main.o
 .debug_loc     0x0000493c       0x74 mem.o
 .debug_loc     0x000049b0      0x19b tiefpass.o
 .debug_loc     0x00004b4b      0x2c3 uart.o

.debug_macinfo
 *(.debug_macinfo)

.debug_weaknames
 *(.debug_weaknames)

.debug_funcnames
 *(.debug_funcnames)

.debug_typenames
 *(.debug_typenames)

.debug_varnames
 *(.debug_varnames)

.debug_pubtypes
 *(.debug_pubtypes)

.debug_ranges   0x00000000      0x518
 *(.debug_ranges)
 .debug_ranges  0x00000000       0x48 ADC.o
 .debug_ranges  0x00000048      0x280 cmdHandler.o
 .debug_ranges  0x000002c8      0x108 cmdParser.o
 .debug_ranges  0x000003d0       0x38 io.o
 .debug_ranges  0x00000408       0x30 list__array_uint8_t.o
 .debug_ranges  0x00000438       0x40 main.o
 .debug_ranges  0x00000478       0x30 mem.o
 .debug_ranges  0x000004a8       0x20 tiefpass.o
 .debug_ranges  0x000004c8       0x50 uart.o

.debug_macro
 *(.debug_macro)
OUTPUT(arduino io.elf elf32-avr)
LOAD linker stubs
